[    0.000000] Initializing cgroup subsys cpuset
[    0.000000] Initializing cgroup subsys cpu
[    0.000000] Initializing cgroup subsys cpuacct
[    0.000000] Linux version 4.4.0-161-generic (buildd@lcy01-amd64-019) (gcc version 5.4.0 20160609 (Ubuntu 5.4.0-6ubuntu1~16.04.10) ) #189-Ubuntu SMP Tue Aug 27 08:10:53 UTC 2019 (Ubuntu 4.4.0-161.189-generic 4.4.186)
[    0.000000] KERNEL supported cpus:
[    0.000000]   Intel GenuineIntel
[    0.000000]   AMD AuthenticAMD
[    0.000000]   NSC Geode by NSC
[    0.000000]   Cyrix CyrixInstead
[    0.000000]   Centaur CentaurHauls
[    0.000000]   Transmeta GenuineTMx86
[    0.000000]   Transmeta TransmetaCPU
[    0.000000]   UMC UMC UMC UMC
[    0.000000] x86/fpu: xstate_offset[2]:  576, xstate_sizes[2]:  256
[    0.000000] x86/fpu: Supporting XSAVE feature 0x01: 'x87 floating point registers'
[    0.000000] x86/fpu: Supporting XSAVE feature 0x02: 'SSE registers'
[    0.000000] x86/fpu: Supporting XSAVE feature 0x04: 'AVX registers'
[    0.000000] x86/fpu: Enabled xstate features 0x7, context size is 832 bytes, using 'standard' format.
[    0.000000] e820: BIOS-provided physical RAM map:
[    0.000000] BIOS-e820: [mem 0x0000000000000000-0x000000000009fbff] usable
[    0.000000] BIOS-e820: [mem 0x000000000009fc00-0x000000000009ffff] reserved
[    0.000000] BIOS-e820: [mem 0x00000000000f0000-0x00000000000fffff] reserved
[    0.000000] BIOS-e820: [mem 0x0000000000100000-0x000000003ffeffff] usable
[    0.000000] BIOS-e820: [mem 0x000000003fff0000-0x000000003fffffff] ACPI data
[    0.000000] BIOS-e820: [mem 0x00000000fec00000-0x00000000fec00fff] reserved
[    0.000000] BIOS-e820: [mem 0x00000000fee00000-0x00000000fee00fff] reserved
[    0.000000] BIOS-e820: [mem 0x00000000fffc0000-0x00000000ffffffff] reserved
[    0.000000] NX (Execute Disable) protection: active
[    0.000000] SMBIOS 2.5 present.
[    0.000000] Hypervisor detected: KVM
[    0.000000] e820: last_pfn = 0x3fff0 max_arch_pfn = 0x1000000
[    0.000000] MTRR: Disabled
[    0.000000] x86/PAT: MTRRs disabled, skipping PAT initialization too.
[    0.000000] CPU MTRRs all blank - virtualized system.
[    0.000000] x86/PAT: Configuration [0-7]: WB  WT  UC- UC  WB  WT  UC- UC  
[    0.000000] found SMP MP-table at [mem 0x0009fff0-0x0009ffff] mapped at [c009fff0]
[    0.000000] Scanning 1 areas for low memory corruption
[    0.000000] RAMDISK: [mem 0x363be000-0x371d6fff]
[    0.000000] ACPI: Early table checksum verification disabled
[    0.000000] ACPI: RSDP 0x00000000000E0000 000024 (v02 VBOX  )
[    0.000000] ACPI: XSDT 0x000000003FFF0030 00003C (v01 VBOX   VBOXXSDT 00000001 ASL  00000061)
[    0.000000] ACPI: FACP 0x000000003FFF00F0 0000F4 (v04 VBOX   VBOXFACP 00000001 ASL  00000061)
[    0.000000] ACPI: DSDT 0x000000003FFF0470 0022EA (v02 VBOX   VBOXBIOS 00000002 INTL 20100528)
[    0.000000] ACPI: FACS 0x000000003FFF0200 000040
[    0.000000] ACPI: FACS 0x000000003FFF0200 000040
[    0.000000] ACPI: APIC 0x000000003FFF0240 00005C (v02 VBOX   VBOXAPIC 00000001 ASL  00000061)
[    0.000000] ACPI: SSDT 0x000000003FFF02A0 0001CC (v01 VBOX   VBOXCPUT 00000002 INTL 20100528)
[    0.000000] 131MB HIGHMEM available.
[    0.000000] 891MB LOWMEM available.
[    0.000000]   mapped low ram: 0 - 37bfe000
[    0.000000]   low ram: 0 - 37bfe000
[    0.000000] kvm-clock: Using msrs 4b564d01 and 4b564d00
[    0.000000] kvm-clock: cpu 0, msr 0:37bfd001, primary cpu clock
[    0.000000] kvm-clock: using sched offset of 3780482210 cycles
[    0.000000] clocksource: kvm-clock: mask: 0xffffffffffffffff max_cycles: 0x1cd42e4dffb, max_idle_ns: 881590591483 ns
[    0.000000] Zone ranges:
[    0.000000]   DMA      [mem 0x0000000000001000-0x0000000000ffffff]
[    0.000000]   Normal   [mem 0x0000000001000000-0x0000000037bfdfff]
[    0.000000]   HighMem  [mem 0x0000000037bfe000-0x000000003ffeffff]
[    0.000000] Movable zone start for each node
[    0.000000] Early memory node ranges
[    0.000000]   node   0: [mem 0x0000000000001000-0x000000000009efff]
[    0.000000]   node   0: [mem 0x0000000000100000-0x000000003ffeffff]
[    0.000000] Initmem setup node 0 [mem 0x0000000000001000-0x000000003ffeffff]
[    0.000000] Using APIC driver default
[    0.000000] ACPI: PM-Timer IO Port: 0x4008
[    0.000000] IOAPIC[0]: apic_id 2, version 32, address 0xfec00000, GSI 0-23
[    0.000000] ACPI: INT_SRC_OVR (bus 0 bus_irq 0 global_irq 2 dfl dfl)
[    0.000000] ACPI: INT_SRC_OVR (bus 0 bus_irq 9 global_irq 9 low level)
[    0.000000] Using ACPI (MADT) for SMP configuration information
[    0.000000] smpboot: Allowing 2 CPUs, 0 hotplug CPUs
[    0.000000] PM: Registered nosave memory: [mem 0x00000000-0x00000fff]
[    0.000000] PM: Registered nosave memory: [mem 0x0009f000-0x0009ffff]
[    0.000000] PM: Registered nosave memory: [mem 0x000a0000-0x000effff]
[    0.000000] PM: Registered nosave memory: [mem 0x000f0000-0x000fffff]
[    0.000000] e820: [mem 0x40000000-0xfebfffff] available for PCI devices
[    0.000000] Booting paravirtualized kernel on KVM
[    0.000000] clocksource: refined-jiffies: mask: 0xffffffff max_cycles: 0xffffffff, max_idle_ns: 7645519600211568 ns
[    0.000000] setup_percpu: NR_CPUS:8 nr_cpumask_bits:8 nr_cpu_ids:2 nr_node_ids:1
[    0.000000] PERCPU: Embedded 19 pages/cpu @f6397000 s47372 r0 d30452 u77824
[    0.000000] Built 1 zonelists in Zone order, mobility grouping on.  Total pages: 259800
[    0.000000] Kernel command line: BOOT_IMAGE=/boot/vmlinuz-4.4.0-161-generic root=LABEL=cloudimg-rootfs ro console=tty1 console=ttyS0
[    0.000000] PID hash table entries: 4096 (order: 2, 16384 bytes)
[    0.000000] Dentry cache hash table entries: 131072 (order: 7, 524288 bytes)
[    0.000000] Inode-cache hash table entries: 65536 (order: 6, 262144 bytes)
[    0.000000] Initializing CPU#0
[    0.000000] Initializing HighMem for node 0 (00037bfe:0003fff0)
[    0.000000] Initializing Movable for node 0 (00000000:00000000)
[    0.000000] Memory: 1008280K/1048120K available (8126K kernel code, 793K rwdata, 3208K rodata, 940K init, 784K bss, 39840K reserved, 0K cma-reserved, 135112K highmem)
[    0.000000] virtual kernel memory layout:
[    0.000000]     fixmap  : 0xfff15000 - 0xfffff000   ( 936 kB)
[    0.000000]     pkmap   : 0xffc00000 - 0xffe00000   (2048 kB)
[    0.000000]     vmalloc : 0xf83fe000 - 0xffbfe000   ( 120 MB)
[    0.000000]     lowmem  : 0xc0000000 - 0xf7bfe000   ( 891 MB)
[    0.000000]       .init : 0xc1bdb000 - 0xc1cc6000   ( 940 kB)
[    0.000000]       .data : 0xc17efc48 - 0xc1bd9580   (4006 kB)
[    0.000000]       .text : 0xc1000000 - 0xc17efc48   (8127 kB)
[    0.000000] Checking if this processor honours the WP bit even in supervisor mode...Ok.
[    0.000000] SLUB: HWalign=64, Order=0-3, MinObjects=0, CPUs=2, Nodes=1
[    0.000000] Hierarchical RCU implementation.
[    0.000000] 	Build-time adjustment of leaf fanout to 32.
[    0.000000] 	RCU restricting CPUs from NR_CPUS=8 to nr_cpu_ids=2.
[    0.000000] RCU: Adjusting geometry for rcu_fanout_leaf=32, nr_cpu_ids=2
[    0.000000] NR_IRQS:2304 nr_irqs:440 16
[    0.000000] Console: colour VGA+ 80x25
[    0.000000] console [tty1] enabled
[    0.000000] console [ttyS0] enabled
[    0.000000] allocated 1048576 bytes of page_ext
[    0.000000] tsc: Detected 2591.998 MHz processor
[    0.281067] Calibrating delay loop (skipped) preset value.. 5183.99 BogoMIPS (lpj=10367992)
[    0.283353] pid_max: default: 32768 minimum: 301
[    0.284670] ACPI: Core revision 20150930
[    0.287498] ACPI: 2 ACPI AML tables successfully acquired and loaded
[    0.289270] Security Framework initialized
[    0.290531] Yama: becoming mindful.
[    0.291849] AppArmor: AppArmor initialized
[    0.293098] Mount-cache hash table entries: 2048 (order: 1, 8192 bytes)
[    0.295167] Mountpoint-cache hash table entries: 2048 (order: 1, 8192 bytes)
[    0.297071] Initializing cgroup subsys io
[    0.298151] Initializing cgroup subsys memory
[    0.299294] Initializing cgroup subsys devices
[    0.300662] Initializing cgroup subsys freezer
[    0.302034] Initializing cgroup subsys net_cls
[    0.303416] Initializing cgroup subsys perf_event
[    0.305063] Initializing cgroup subsys net_prio
[    0.306182] Initializing cgroup subsys hugetlb
[    0.307286] Initializing cgroup subsys pids
[    0.310774] mce: CPU supports 0 MCE banks
[    0.312130] Last level iTLB entries: 4KB 64, 2MB 8, 4MB 8
[    0.313611] Last level dTLB entries: 4KB 64, 2MB 0, 4MB 0, 1GB 4
[    0.315090] Spectre V1 : Mitigation: usercopy/swapgs barriers and __user pointer sanitization
[    0.317297] Spectre V2 : Mitigation: Full generic retpoline
[    0.318698] Spectre V2 : Spectre v2 / SpectreRSB mitigation: Filling RSB on context switch
[    0.320932] Speculative Store Bypass: Vulnerable
[    0.322245] MDS: Vulnerable: Clear CPU buffers attempted, no microcode
[    0.328151] Freeing SMP alternatives memory: 36K
[    0.335995] ftrace: allocating 31591 entries in 62 pages
[    0.426455] smpboot: APIC(0) Converting physical 0 to logical package 0
[    0.429264] smpboot: Max logical packages: 1
[    0.431247] Enabling APIC mode:  Flat.  Using 1 I/O APICs
[    0.434826] ..TIMER: vector=0x30 apic1=0 pin1=2 apic2=-1 pin2=-1
[    0.544629] APIC calibration not consistent with PM-Timer: 98ms instead of 100ms
[    0.546940] APIC delta adjusted to PM-Timer: 6243648 (6158633)
[    0.548551] smpboot: CPU0: Intel(R) Core(TM) i7-6500U CPU @ 2.50GHz (family: 0x6, model: 0x4e, stepping: 0x3)
[    0.551378] Performance Events: unsupported p6 CPU model 78 no PMU driver, software events only.
[    0.563167] KVM setup paravirtual spinlock
[    0.565232] x86: Booting SMP configuration:
[    0.566412] .... node  #0, CPUs:      #1
[1266874885.929069] Initializing CPU#1
[    0.568656] kvm-clock: cpu 1, msr 0:37bfd041, secondary cpu clock
[    0.572650] mce: CPU supports 0 MCE banks
[    0.575979] x86: Booted up 1 node, 2 CPUs
[    0.577446] smpboot: Total of 2 processors activated (10367.99 BogoMIPS)
[    0.579825] devtmpfs: initialized
[    0.581008] evm: security.selinux
[    0.582078] evm: security.SMACK64
[    0.583315] evm: security.SMACK64EXEC
[    0.584323] evm: security.SMACK64TRANSMUTE
[    0.585507] evm: security.SMACK64MMAP
[    0.586511] evm: security.ima
[    0.587387] evm: security.capability
[    0.588745] clocksource: jiffies: mask: 0xffffffff max_cycles: 0xffffffff, max_idle_ns: 7645041785100000 ns
[    0.591213] futex hash table entries: 512 (order: 3, 32768 bytes)
[    0.592953] pinctrl core: initialized pinctrl subsystem
[    0.594614] RTC time:  2:34:16, date: 09/07/19
[    0.596155] NET: Registered protocol family 16
[    0.597607] EISA bus registered
[    0.609398] cpuidle: using governor ladder
[    0.625985] cpuidle: using governor menu
[    0.631471] PCCT header not found.
[    0.636024] ACPI: bus type PCI registered
[    0.639864] acpiphp: ACPI Hot Plug PCI Controller Driver version: 0.5
[    0.644745] PCI : PCI BIOS area is rw and x. Use pci=nobios if you want it NX.
[    0.649487] PCI: PCI BIOS revision 2.10 entry at 0xfda26, last bus=0
[    0.652610] PCI: Using configuration type 1 for base access
[    0.670945] ACPI: Added _OSI(Module Device)
[    0.672691] ACPI: Added _OSI(Processor Device)
[    0.674365] ACPI: Added _OSI(3.0 _SCP Extensions)
[    0.675879] ACPI: Added _OSI(Processor Aggregator Device)
[    0.678983] ACPI: Executed 1 blocks of module-level executable AML code
[    0.683624] ACPI: Interpreter enabled
[    0.701708] ACPI: (supports S0 S5)
[    0.703131] ACPI: Using IOAPIC for interrupt routing
[    0.705187] PCI: Using host bridge windows from ACPI; if necessary, use "pci=nocrs" and report a bug
[    0.714819] ACPI: PCI Root Bridge [PCI0] (domain 0000 [bus 00-ff])
[    0.716990] acpi PNP0A03:00: _OSC: OS supports [ASPM ClockPM Segments MSI]
[    0.719915] acpi PNP0A03:00: _OSC: not requesting OS control; OS requires [ExtendedConfig ASPM ClockPM MSI]
[    0.723303] acpi PNP0A03:00: fail to add MMCONFIG information, can't access extended PCI configuration space under this bridge.
[    0.728278] PCI host bridge to bus 0000:00
[    0.729871] pci_bus 0000:00: root bus resource [io  0x0000-0x0cf7 window]
[    0.732129] pci_bus 0000:00: root bus resource [io  0x0d00-0xffff window]
[    0.734343] pci_bus 0000:00: root bus resource [mem 0x000a0000-0x000bffff window]
[    0.737203] pci_bus 0000:00: root bus resource [mem 0x40000000-0xfdffffff window]
[    0.740097] pci_bus 0000:00: root bus resource [bus 00-ff]
[    0.745031] pci 0000:00:01.1: legacy IDE quirk: reg 0x10: [io  0x01f0-0x01f7]
[    0.746778] pci 0000:00:01.1: legacy IDE quirk: reg 0x14: [io  0x03f6]
[    0.748426] pci 0000:00:01.1: legacy IDE quirk: reg 0x18: [io  0x0170-0x0177]
[    0.750235] pci 0000:00:01.1: legacy IDE quirk: reg 0x1c: [io  0x0376]
[    0.778125] pci 0000:00:07.0: quirk: [io  0x4000-0x403f] claimed by PIIX4 ACPI
[    0.780784] pci 0000:00:07.0: quirk: [io  0x4100-0x410f] claimed by PIIX4 SMB
[    0.790372] ACPI: PCI Interrupt Link [LNKA] (IRQs 5 9 10 *11)
[    0.792738] ACPI: PCI Interrupt Link [LNKB] (IRQs 5 9 *10 11)
[    0.794960] ACPI: PCI Interrupt Link [LNKC] (IRQs 5 *9 10 11)
[    0.797147] ACPI: PCI Interrupt Link [LNKD] (IRQs 5 9 10 *11)
[    0.799317] ACPI: Enabled 2 GPEs in block 00 to 07
[    0.801124] vgaarb: setting as boot device: PCI:0000:00:02.0
[    0.802551] vgaarb: device added: PCI:0000:00:02.0,decodes=io+mem,owns=io+mem,locks=none
[    0.804755] vgaarb: loaded
[    0.805679] vgaarb: bridge control possible 0000:00:02.0
[    0.807248] SCSI subsystem initialized
[    0.808489] ACPI: bus type USB registered
[    0.809632] usbcore: registered new interface driver usbfs
[    0.811294] usbcore: registered new interface driver hub
[    0.812715] usbcore: registered new device driver usb
[    0.814404] PCI: Using ACPI for IRQ routing
[    0.816036] NetLabel: Initializing
[    0.817006] NetLabel:  domain hash size = 128
[    0.818217] NetLabel:  protocols = UNLABELED CIPSOv4
[    0.819551] NetLabel:  unlabeled traffic allowed by default
[    0.821407] amd_nb: Cannot enumerate AMD northbridges
[    0.823070] clocksource: Switched to clocksource kvm-clock
[    0.845837] AppArmor: AppArmor Filesystem Enabled
[    0.847843] pnp: PnP ACPI init
[    0.851780] pnp: PnP ACPI: found 3 devices
[    0.853877] PnPBIOS: Disabled by ACPI PNP
[    0.900260] clocksource: acpi_pm: mask: 0xffffff max_cycles: 0xffffff, max_idle_ns: 2085701024 ns
[    0.903523] NET: Registered protocol family 2
[    0.905423] TCP established hash table entries: 8192 (order: 3, 32768 bytes)
[    0.907867] TCP bind hash table entries: 8192 (order: 4, 65536 bytes)
[    0.910208] TCP: Hash tables configured (established 8192 bind 8192)
[    0.912621] UDP hash table entries: 512 (order: 2, 16384 bytes)
[    0.914810] UDP-Lite hash table entries: 512 (order: 2, 16384 bytes)
[    0.916777] NET: Registered protocol family 1
[    0.917920] pci 0000:00:00.0: Limiting direct PCI/PCI transfers
[    0.919371] pci 0000:00:01.0: Activating ISA DMA hang workarounds
[    0.924298] Unpacking initramfs...
[    1.217127] Freeing initrd memory: 14436K
[    1.218561] clocksource: tsc: mask: 0xffffffffffffffff max_cycles: 0x255cb518234, max_idle_ns: 440795279333 ns
[    1.221286] platform rtc_cmos: registered platform RTC device (no PNP device found)
[    1.223657] Scanning for low memory corruption every 60 seconds
[    1.225791] audit: initializing netlink subsys (disabled)
[    1.227429] audit: type=2000 audit(1567823662.121:1): initialized
[    1.229592] Initialise system trusted keyring
[    1.231455] HugeTLB registered 2 MB page size, pre-allocated 0 pages
[    1.234491] zbud: loaded
[    1.235772] VFS: Disk quotas dquot_6.6.0
[    1.236985] VFS: Dquot-cache hash table entries: 1024 (order 0, 4096 bytes)
[    1.239173] squashfs: version 4.0 (2009/01/31) Phillip Lougher
[    1.241475] fuse init (API version 7.23)
[    1.243193] Key type big_key registered
[    1.244813] Allocating IMA MOK and blacklist keyrings.
[    1.251096] Key type asymmetric registered
[    1.252295] Asymmetric key parser 'x509' registered
[    1.253734] bounce: pool size: 64 pages
[    1.255010] Block layer SCSI generic (bsg) driver version 0.4 loaded (major 249)
[    1.257451] io scheduler noop registered
[    1.258735] io scheduler deadline registered (default)
[    1.260188] io scheduler cfq registered
[    1.262036] pci_hotplug: PCI Hot Plug PCI Core version: 0.5
[    1.263606] pciehp: PCI Express Hot Plug Controller Driver version: 0.4
[    1.265582] ACPI: AC Adapter [AC] (on-line)
[    1.267199] input: Power Button as /devices/LNXSYSTM:00/LNXPWRBN:00/input/input0
[    1.269528] ACPI: Power Button [PWRF]
[    1.270676] input: Sleep Button as /devices/LNXSYSTM:00/LNXSLPBN:00/input/input1
[    1.272891] ACPI: Sleep Button [SLPF]
[    1.274502] GHES: HEST is not enabled!
[    1.275598] ACPI: Battery Slot [BAT0] (battery present)
[    1.277431] isapnp: Scanning for PnP cards...
[    1.279647] Serial: 8250/16550 driver, 32 ports, IRQ sharing enabled
 	
 !"#$%&'()*+,-./0123456789:;<=>?@ABCDEFGHIJKLMNOPQRSTUVWXYZ[\]^_`abcdefghijklmnopqrstuvwxyz{|}~ÄÅÇÉÑÖÜáàâäãåçéèêëíìîïñóòôöõúùûü™´¨≠ÆØ∞±≤≥¥µ∂∑∏π∫ªºΩæø¿¡¬√ƒ≈∆«»… ÀÃÕŒœ–—“”‘’÷◊ÿŸ⁄€‹›ﬁﬂ‡·‚„‰ÂÊÁËÈÍÎÏÌÓÔÒÚÛÙıˆ˜¯˘˙˚¸˝˛ˇ[    1.303823] 00:02: ttyS0 at I/O 0x3f8 (irq = 4, base_baud = 115200) is a 16550A
[    1.307463] Linux agpgart interface v0.103
[    1.313959] loop: module loaded
[    1.315463] scsi host0: ata_piix
[    1.316454] scsi host1: ata_piix
[    1.317434] ata1: PATA max UDMA/33 cmd 0x1f0 ctl 0x3f6 bmdma 0xd000 irq 14
[    1.319012] ata2: PATA max UDMA/33 cmd 0x170 ctl 0x376 bmdma 0xd008 irq 15
[    1.320753] libphy: Fixed MDIO Bus: probed
[    1.321842] tun: Universal TUN/TAP device driver, 1.6
[    1.323063] tun: (C) 1999-2004 Max Krasnyansky <maxk@qualcomm.com>
[    1.325544] PPP generic driver version 2.4.2
[    1.328166] ehci_hcd: USB 2.0 'Enhanced' Host Controller (EHCI) Driver
[    1.330607] ehci-pci: EHCI PCI platform driver
[    1.331790] ehci-platform: EHCI generic platform driver
[    1.333090] ohci_hcd: USB 1.1 'Open' Host Controller (OHCI) Driver
[    1.334603] ohci-pci: OHCI PCI platform driver
[    1.335780] ohci-platform: OHCI generic platform driver
[    1.337080] uhci_hcd: USB Universal Host Controller Interface driver
[    1.338646] i8042: PNP: PS/2 Controller [PNP0303:PS2K,PNP0f03:PS2M] at 0x60,0x64 irq 1,12
[    1.342017] serio: i8042 KBD port at 0x60,0x64 irq 1
[    1.343971] serio: i8042 AUX port at 0x60,0x64 irq 12
[    1.345990] mousedev: PS/2 mouse device common for all mice
[    1.348596] rtc_cmos rtc_cmos: rtc core: registered rtc_cmos as rtc0
[    1.350422] input: AT Translated Set 2 keyboard as /devices/platform/i8042/serio0/input/input2
[    1.352813] rtc_cmos rtc_cmos: alarms up to one day, 114 bytes nvram
[    1.354344] i2c /dev entries driver
[    1.355448] device-mapper: uevent: version 1.0.3
[    1.356694] device-mapper: ioctl: 4.34.0-ioctl (2015-10-28) initialised: dm-devel@redhat.com
[    1.358918] platform eisa.0: Probing EISA bus 0
[    1.360280] platform eisa.0: EISA: Cannot allocate resource for mainboard
[    1.363177] platform eisa.0: Cannot allocate resource for EISA slot 1
[    1.365015] platform eisa.0: Cannot allocate resource for EISA slot 2
[    1.367328] platform eisa.0: Cannot allocate resource for EISA slot 3
[    1.369679] platform eisa.0: Cannot allocate resource for EISA slot 4
[    1.372105] platform eisa.0: Cannot allocate resource for EISA slot 5
[    1.374619] platform eisa.0: Cannot allocate resource for EISA slot 6
[    1.377807] platform eisa.0: Cannot allocate resource for EISA slot 7
[    1.380098] platform eisa.0: Cannot allocate resource for EISA slot 8
[    1.382424] platform eisa.0: EISA: Detected 0 cards
[    1.384365] cpufreq-nforce2: No nForce2 chipset.
[    1.386381] ledtrig-cpu: registered to indicate activity on CPUs
[    1.389937] NET: Registered protocol family 10
[    1.391752] NET: Registered protocol family 17
[    1.393086] Key type dns_resolver registered
[    1.394671] Using IPI No-Shortcut mode
[    1.396983] registered taskstats version 1
[    1.398691] Loading compiled-in X.509 certificates
[    1.402387] Loaded X.509 cert 'Build time autogenerated kernel key: cb49ae510b4d1f99c8e7d7353c0c71d6f9be425b'
[    1.405009] zswap: loaded using pool lzo/zbud
[    1.407796] Key type trusted registered
[    1.412310] Key type encrypted registered
[    1.414047] AppArmor: AppArmor sha1 policy hashing enabled
[    1.415614] ima: No TPM chip found, activating TPM-bypass!
[    1.417131] ima: Allocated hash algorithm: sha1
[    1.418384] evm: HMAC attrs: 0x1
[    1.419666]   Magic number: 3:781:560
[    1.420830] rtc_cmos rtc_cmos: setting system clock to 2019-09-07 02:34:17 UTC (1567823657)
[    1.423235] BIOS EDD facility v0.16 2004-Jun-25, 0 devices found
[    1.424753] EDD information not available.
[    1.644278] isapnp: No Plug & Play device found
[    1.646266] Freeing unused kernel memory: 940K
[    2.168304] Write protecting the kernel text: 8128k
[    2.172811] Write protecting the kernel read-only data: 3212k
[    2.178345] NX-protecting the kernel data: 6208k
Loading, please wait...
starting version 229
[    2.205187] random: systemd-udevd: uninitialized urandom read (16 bytes read, 0 bits of entropy available)
[    2.205813] random: udevadm: uninitialized urandom read (16 bytes read, 0 bits of entropy available)
[    2.212607] random: systemd-udevd: uninitialized urandom read (16 bytes read, 0 bits of entropy available)
[    2.215270] random: systemd-udevd: uninitialized urandom read (16 bytes read, 0 bits of entropy available)
[    2.222499] random: systemd-udevd: uninitialized urandom read (16 bytes read, 0 bits of entropy available)
[    2.224590] random: udevadm: uninitialized urandom read (16 bytes read, 0 bits of entropy available)
[    2.224638] random: udevadm: uninitialized urandom read (16 bytes read, 0 bits of entropy available)
[    2.224786] random: udevadm: uninitialized urandom read (16 bytes read, 0 bits of entropy available)
[    2.224880] random: udevadm: uninitialized urandom read (16 bytes read, 0 bits of entropy available)
[    2.224954] random: udevadm: uninitialized urandom read (16 bytes read, 0 bits of entropy available)
[    2.310478] Fusion MPT base driver 3.04.20
[    2.312940] Copyright (c) 1999-2008 LSI Corporation
[    2.333027] e1000: Intel(R) PRO/1000 Network Driver - version 7.3.21-k8-NAPI
[    2.335053] e1000: Copyright (c) 1999-2006 Intel Corporation.
[    2.354386] Fusion MPT SPI Host driver 3.04.20
[    2.529768] input: ImExPS/2 Generic Explorer Mouse as /devices/platform/i8042/serio1/input/input4
[    3.234469] e1000 0000:00:03.0 eth0: (PCI:33MHz:32-bit) 02:11:56:70:dd:80
[    3.236272] e1000 0000:00:03.0 eth0: Intel(R) PRO/1000 Network Connection
[    3.239126] mptbase: ioc0: Initiating bringup
[    3.240049] e1000 0000:00:03.0 enp0s3: renamed from eth0
[    3.318552] ioc0: LSI53C1030 A0: Capabilities={Initiator}
[    4.485200] scsi host2: ioc0: LSI53C1030 A0, FwRev=00000000h, Ports=1, MaxQ=256, IRQ=20
[    5.141556] scsi 2:0:0:0: Direct-Access     VBOX     HARDDISK         1.0  PQ: 0 ANSI: 5
[    5.148138] scsi target2:0:0: Beginning Domain Validation
[    5.156901] scsi target2:0:0: Domain Validation skipping write tests
[    5.160787] scsi target2:0:0: Ending Domain Validation
[    5.165043] scsi target2:0:0: asynchronous
[    5.168890] scsi 2:0:1:0: Direct-Access     VBOX     HARDDISK         1.0  PQ: 0 ANSI: 5
[    5.172443] scsi target2:0:1: Beginning Domain Validation
[    5.178485] scsi target2:0:1: Domain Validation skipping write tests
[    5.180950] scsi target2:0:1: Ending Domain Validation
[    5.182738] scsi target2:0:1: asynchronous
[    5.199752] sd 2:0:0:0: [sda] 20971520 512-byte logical blocks: (10.7 GB/10.0 GiB)
[    5.199849] sd 2:0:0:0: Attached scsi generic sg0 type 0
[    5.203684] sd 2:0:0:0: [sda] Write Protect is off
[    5.204262] sd 2:0:1:0: Attached scsi generic sg1 type 0
[    5.204306] sd 2:0:1:0: [sdb] 20480 512-byte logical blocks: (10.5 MB/10.0 MiB)
[    5.204610] sd 2:0:1:0: [sdb] Write Protect is off
[    5.204853] sd 2:0:1:0: [sdb] Incomplete mode parameter data
[    5.204854] sd 2:0:1:0: [sdb] Assuming drive cache: write through
[    5.215309] sd 2:0:0:0: [sda] Incomplete mode parameter data
[    5.216950] sd 2:0:0:0: [sda] Assuming drive cache: write through
[    5.216997] sd 2:0:1:0: [sdb] Attached SCSI disk
[    5.223576]  sda: sda1
[    5.227131] sd 2:0:0:0: [sda] Attached SCSI disk
Begin: Loading essential drivers ... [    6.825491] md: linear personality registered for level -1
[    6.832425] md: multipath personality registered for level -4
[    6.838314] md: raid0 personality registered for level 0
[    6.847588] md: raid1 personality registered for level 1
[    6.924535] raid6: mmxx1    gen()  5632 MB/s
[    6.991871] raid6: mmxx2    gen()  5673 MB/s
[    7.059236] raid6: sse1x1   gen()  4837 MB/s
[    7.127545] raid6: sse1x2   gen()  5728 MB/s
[    7.195854] raid6: sse2x1   gen() 10082 MB/s
[    7.263235] raid6: sse2x1   xor()  7140 MB/s
[    7.331534] raid6: sse2x2   gen() 12063 MB/s
[    7.399690] raid6: sse2x2   xor()  8228 MB/s
[    7.467194] raid6: avx2x1   gen() 19663 MB/s
[    7.535086] raid6: avx2x2   gen() 18061 MB/s
[    7.536341] raid6: using algorithm avx2x1 gen() 19663 MB/s
[    7.538528] raid6: using avx2x1 recovery algorithm
[    7.544885] xor: automatically using best checksumming function:
[    7.587205]    avx       : 20599.000 MB/sec
[    7.591688] async_tx: api initialized (async)
[    7.623718] md: raid6 personality registered for level 6
[    7.626006] md: raid5 personality registered for level 5
[    7.628238] md: raid4 personality registered for level 4
[    7.650693] md: raid10 personality registered for level 10
done.
Begin: Running /scripts/init-premount ... done.
Begin: Mounting root file system ... Begin: Running /scripts/local-top ... done.
Begin: Running /scripts/local-premount ... [    7.705411] Btrfs loaded
Scanning for Btrfs filesystems
done.
Warning: fsck not present, so skipping root file system
[    7.744250] EXT4-fs (sda1): mounted filesystem with ordered data mode. Opts: (null)
done.
Begin: Running /scripts/local-bottom ... done.
Begin: Running /scripts/init-bottom ... done.
[    7.877192] systemd[1]: systemd 229 running in system mode. (+PAM +AUDIT +SELINUX +IMA +APPARMOR +SMACK +SYSVINIT +UTMP +LIBCRYPTSETUP +GCRYPT +GNUTLS +ACL +XZ -LZ4 +SECCOMP +BLKID +ELFUTILS +KMOD -IDN)
[    7.882830] systemd[1]: Detected virtualization oracle.
[    7.884218] systemd[1]: Detected architecture x86.

Welcome to [1mUbuntu 16.04.6 LTS[0m!

[    7.889618] systemd[1]: Set hostname to <ubuntu>.
[    7.895197] systemd[1]: Initializing machine ID from random generator.
[    7.897260] systemd[1]: Installed transient /etc/machine-id file.
[    8.078260] systemd[1]: Reached target Swap.
[[0;32m  OK  [0m] Reached target Swap.
[    8.080998] systemd[1]: Listening on /dev/initctl Compatibility Named Pipe.
[[0;32m  OK  [0m] Listening on /dev/initctl Compatibility Named Pipe.
[    8.084235] systemd[1]: Listening on LVM2 poll daemon socket.
[[0;32m  OK  [0m] Listening on LVM2 poll daemon socket.
[    8.087050] systemd[1]: Set up automount Arbitrary Executable File Formats File System Automount Point.
[[0;32m  OK  [0m] Set up automount Arbitrary Executab...ats File System Automount Point.
[    8.091671] systemd[1]: Listening on Syslog Socket.
[[0;32m  OK  [0m] Listening on Syslog Socket.
[    8.100294] systemd[1]: Started Forward Password Requests to Wall Directory Watch.
[[0;32m  OK  [0m] Started Forward Password Requests to Wall Directory Watch.
[    8.108122] systemd[1]: Reached target System Time Synchronized.
[[0;32m  OK  [0m] Reached target System Time Synchronized.
[    8.112058] systemd[1]: Reached target Encrypted Volumes.
[[0;32m  OK  [0m] Reached target Encrypted Volumes.
[    8.116795] systemd[1]: Created slice User and Session Slice.
[[0;32m  OK  [0m] Created slice User and Session Slice.
[    8.120335] systemd[1]: Reached target User and Group Name Lookups.
[[0;32m  OK  [0m] Reached target User and Group Name Lookups.
[    8.123655] systemd[1]: Listening on Device-mapper event daemon FIFOs.
[[0;32m  OK  [0m] Listening on Device-mapper event daemon FIFOs.
[    8.126988] systemd[1]: Listening on Journal Socket (/dev/log).
[[0;32m  OK  [0m] Listening on Journal Socket (/dev/log).
[    8.130074] systemd[1]: Listening on LVM2 metadata daemon socket.
[[0;32m  OK  [0m] Listening on LVM2 metadata daemon socket.
[    8.132578] systemd[1]: Listening on udev Control Socket.
[[0;32m  OK  [0m] Listening on udev Control Socket.
[    8.135933] systemd[1]: Started Trigger resolvconf update for networkd DNS.
[[0;32m  OK  [0m] Started Trigger resolvconf update for networkd DNS.
[    8.139409] systemd[1]: Listening on Journal Socket.
[[0;32m  OK  [0m] Listening on Journal Socket.
[    8.142205] systemd[1]: Created slice System Slice.
[[0;32m  OK  [0m] Created slice System Slice.
[    8.155346] systemd[1]: Mounting POSIX Message Queue File System...
         Mounting POSIX Message Queue File System...
[    8.165285] systemd[1]: Starting Remount Root and Kernel File Systems...
         Starting Remount Root and Kernel File Systems...
[    8.171096] systemd[1]: Starting Create list of required static device nodes for the current kernel...
[    8.173729] EXT4-fs (sda1): re-mounted. Opts: (null)
         Starting Create list of required st... nodes for the current kernel...
[    8.184304] systemd[1]: Mounting Huge Pages File System...
         Mounting Huge Pages File System...
[    8.187237] systemd[1]: Starting Uncomplicated firewall...
         Starting Uncomplicated firewall...
[    8.190229] systemd[1]: Starting Set console keymap...
         Starting Set console keymap...
[    8.197434] systemd[1]: Starting Monitoring of LVM2 mirrors, snapshots etc. using dmeventd or progress polling...
         Starting Monitoring of LVM2 mirrors... dmeventd or progress polling...
[    8.208120] systemd[1]: Reached target Slices.
[[0;32m  OK  [0m] Reached target Slices.
[    8.235574] systemd[1]: Mounting Debug File System...
         Mounting Debug File System...
[    8.240483] systemd[1]: Starting Load Kernel Modules...
         Starting Load Kernel Modules...
[    8.245220] systemd[1]: Listening on Journal Audit Socket.
[[0;32m  OK  [0m] Listening on Journal Audit Socket.
[    8.249844] systemd[1]: Starting Journal Service...
         Starting Journal Service...
[    8.254068] systemd[1]: Created slice system-serial\x2dgetty.slice.
[[0;32m  OK  [0m] Created slice system-serial\x2dgetty.slice.
[    8.257794] systemd[1]: Starting Nameserver information manager...
[    8.260344] Loading iSCSI transport class v2.0-870.
         Starting Nameserver information manager...
[    8.262832] systemd[1]: Listening on udev Kernel Socket.
[[0;32m  OK  [0m] Listening on udev Kernel Socket.
[    8.268842] systemd[1]: Mounted Huge Pages File System.
[[0;32m  OK  [0m] Mounted Huge Pages File System.
[    8.272085] systemd[1]: Mounted POSIX Message Queue File System.
[[0;32m  OK  [0m] Mounted POSIX Message Queue File System.
[    8.278190] systemd[1]: Mounted Debug File System.
[[0;32m  OK  [0m] Mounted Debug File System.
[    8.285568] systemd[1]: Started Remount Root and Kernel File Systems.
[[0;32m  OK  [0m] Started Remount Root and Kernel File Systems.
[    8.291774] systemd[1]: Started Create list of required static device nodes for the current kernel.
[[0;32m  OK  [0m] Started Create list of required sta...ce nodes for the current kernel.
[    8.297429] systemd[1]: Started Uncomplicated firewall.
[[0;32m  OK  [0m] Started Uncomplicated firewall.
[    8.306001] iscsi: registered transport (tcp)
[    8.327390] systemd[1]: Started Nameserver information manager.
[[0;32m  OK  [0m] Started Nameserver information manager.
[    8.331788] systemd[1]: Started Journal Service.
[[0;32m  OK  [0m] Started Journal Service.
[[0;32m  OK  [0m] Started Set console keymap.
[    8.396651] iscsi: registered transport (iser)
[[0;32m  OK  [0m] Started Load Kernel Modules.
         Mounting FUSE Control File System...
         Starting Apply Kernel Variables...
[[0;32m  OK  [0m] Started LVM2 metadata daemon.
         Starting Create Static Device Nodes in /dev...
         Starting udev Coldplug all Devices...
         Starting Flush Journal to Persistent Storage...
         Starting Load/Save Random Seed...
[[0;32m  OK  [0m] Mounted FUSE Control File System.
[[0;32m  OK  [0m] Started Apply Kernel Variables.
[[0;32m  OK  [0m] Started Create Static Device Nodes in /dev.
[[0;32m  OK  [0m] Started Load/Save Random Seed.
[[0;32m  OK  [0m] Started udev Coldplug all Devices.
[[0;32m  OK  [0m] Started Flush Journal to Persistent Storage.
         Starting udev Kernel Device Manager...
[[0;32m  OK  [0m] Started udev Kernel Device Manager.
[[0;32m  OK  [0m] Started Dispatch Password Requests to Console Directory Watch.
[[0;32m  OK  [0m] Started Monitoring of LVM2 mirrors,...ng dmeventd or progress polling.
[[0;32m  OK  [0m] Reached target Local File Systems (Pre).
[[0;32m  OK  [0m] Reached target Local File Systems.
         Starting Commit a transient machine-id on disk...
         Starting LSB: AppArmor initialization...
         Starting Tell Plymouth To Write Out Runtime Data...
         Starting Initial cloud-init job (pre-networking)...
         Starting Create Volatile Files and Directories...
         Starting Set console font and keymap...
[[0;32m  OK  [0m] Started Create Volatile Files and Directories.
[[0;32m  OK  [0m] Started Tell Plymouth To Write Out Runtime Data.
[[0;32m  OK  [0m] Started Commit a transient machine-id on disk.
         Starting Update UTMP about System Boot/Shutdown...
[[0;32m  OK  [0m] Started Update UTMP about System Boot/Shutdown.
[[0;32m  OK  [0m] Found device /dev/ttyS0.
[[0;32m  OK  [0m] Listening on Load/Save RF Kill Switch Status /dev/rfkill Watch.
[   10.372165] cloud-init[481]: Cloud-init v. 19.1-1-gbaa47854-0ubuntu1~16.04.1 running 'init-local' at Sat, 07 Sep 2019 02:34:26 +0000. Up 9.61 seconds.
[[0;32m  OK  [0m] Started Initial cloud-init job (pre-networking).
[[0;32m  OK  [0m] Reached target Network (Pre).
[[0;32m  OK  [0m] Started Set console font and keymap.
[[0;32m  OK  [0m] Created slice system-getty.slice.
[[0;32m  OK  [0m] Started LSB: AppArmor initialization.
         Starting Raise network interfaces...
[[0;32m  OK  [0m] Started Raise network interfaces.
         Starting Initial cloud-init job (metadata service crawler)...
[[0;32m  OK  [0m] Reached target Network.
[   13.502047] cloud-init[936]: Cloud-init v. 19.1-1-gbaa47854-0ubuntu1~16.04.1 running 'init' at Sat, 07 Sep 2019 02:34:28 +0000. Up 12.22 seconds.
[   13.505637] cloud-init[936]: ci-info: ++++++++++++++++++++++++++++++++++++++Net device info++++++++++++++++++++++++++++++++++++++
[   13.509868] cloud-init[936]: ci-info: +--------+------+----------------------------+---------------+--------+-------------------+
[   13.513110] cloud-init[936]: ci-info: | Device |  Up  |          Address           |      Mask     | Scope  |     Hw-Address    |
[   13.517040] cloud-init[936]: ci-info: +--------+------+----------------------------+---------------+--------+-------------------+
[   13.521147] cloud-init[936]: ci-info: | enp0s3 | True |         10.0.2.15          | 255.255.255.0 | global | 02:11:56:70:dd:80 |
[   13.524227] cloud-init[936]: ci-info: | enp0s3 | True | fe80::11:56ff:fe70:dd80/64 |       .       |  link  | 02:11:56:70:dd:80 |
[   13.527027] cloud-init[936]: ci-info: |   lo   | True |         127.0.0.1          |   255.0.0.0   |  host  |         .         |
[   13.529584] cloud-init[936]: ci-info: |   lo   | True |          ::1/128           |       .       |  host  |         .         |
[   13.532320] cloud-init[936]: ci-info: +--------+------+----------------------------+---------------+--------+-------------------+
[   13.536496] cloud-init[936]: ci-info: +++++++++++++++++++++++++++Route IPv4 info++++++++++++++++++++++++++++
[   13.538987] cloud-init[936]: ci-info: +-------+-------------+----------+---------------+-----------+-------+
[   13.544758] cloud-init[936]: ci-info: | Route | Destination | Gateway  |    Genmask    | Interface | Flags |
[   13.552659] cloud-init[936]: ci-info: +-------+-------------+----------+---------------+-----------+-------+
[   13.560536] cloud-init[936]: ci-info: |   0   |   0.0.0.0   | 10.0.2.2 |    0.0.0.0    |   enp0s3  |   UG  |
[   13.572643] cloud-init[936]: ci-info: |   1   |   10.0.2.0  | 0.0.0.0  | 255.255.255.0 |   enp0s3  |   U   |
[   13.574828] cloud-init[936]: ci-info: +-------+-------------+----------+---------------+-----------+-------+
[   13.577418] cloud-init[936]: ci-info: +++++++++++++++++++Route IPv6 info+++++++++++++++++++
[   13.582069] cloud-init[936]: ci-info: +-------+-------------+---------+-----------+-------+
[   13.596347] cloud-init[936]: ci-info: | Route | Destination | Gateway | Interface | Flags |
[   13.598591] cloud-init[936]: ci-info: +-------+-------------+---------+-----------+-------+
[   13.601097] cloud-init[936]: ci-info: |   0   |  fe80::/64  |    ::   |   enp0s3  |   U   |
[   13.608656] cloud-init[936]: ci-info: |   3   |   ff00::/8  |    ::   |   enp0s3  |   U   |
[   13.611864] cloud-init[936]: ci-info: +-------+-------------+---------+-----------+-------+
[   13.614960] cloud-init[936]: Generating public/private rsa key pair.
[   13.617467] cloud-init[936]: Your identification has been saved in /etc/ssh/ssh_host_rsa_key.
[   13.621476] cloud-init[936]: Your public key has been saved in /etc/ssh/ssh_host_rsa_key.pub.
[   13.623593] cloud-init[936]: The key fingerprint is:
[   13.625625] cloud-init[936]: SHA256:Mwn/ZfUU9Q+x9V+EmWYqrNmVua43ZdogIALctpQq/xc root@ubuntu-xenial
[   13.628076] cloud-init[936]: The key's randomart image is:
[   13.629644] cloud-init[936]: +---[RSA 2048]----+
[   13.631090] cloud-init[936]: | . . .        .==|
[   13.632434] cloud-init[936]: |  o =         *=+|
[   13.633724] cloud-init[936]: |   = ..  .   *+ =|
[   13.640526] cloud-init[936]: |. . o .o..o =. ++|
[   13.642579] cloud-init[936]: | o   . .S= oo.  +|
[   13.644454] cloud-init[936]: |  .   E o+ooo o  |
[[0;32m  OK  [0m] Started Initial cloud-init job (metadata service crawler).
[[0;32m  OK  [0m] Reached target Cloud-config availability.
[[0;32m  OK  [0m] Reached target System Initialization.
[[0;32m  OK  [0m] Started Daily Cleanup of Temporary Directories.
[[0;32m  OK  [0m] Listening on D-Bus System Message Bus Socket.
[[0;32m  OK  [0m] Listening on ACPID Listen Socket.
[[0;32m  OK  [0m] Started Daily apt download activities.
[[0;32m  OK  [0m] Listening on UUID daemon activation socket.
[   13.646845] cloud-init[936]: |   .   .  .o *   |
[   13.678329] cloud-init[936]: |    . .     = .  |
[   13.679940] cloud-init[936]: |     .    .o .   |
[   13.681774] cloud-init[936]: +----[SHA256]-----+
[   13.683423] cloud-init[936]: Generating public/private dsa key pair.
[   13.688394]          Starting LXD - unix socket.
         Starting Socket activation for snappy daemon.
[[0;32m  OK  [0m] Started Daily apt upgrade and clean activities.
[[0;32m  OK  [0m] Reached target Timers.
cloud-init[936]: Your identification has been saved in /etc/ssh/ssh_host_dsa_key.[[0;32m  OK  [0m] Started ACPI Events Check.
[[0;32m  OK  [0m] Reached target Paths.
[[0;32m  OK  [0m] Reached target Network is Online.

[   13.696054] cloud-init[936]: Your public key has been saved in /etc/ssh/ssh_host_dsa_key.pub.
[   13.698997] cloud-init[936]: The key fingerprint is:
[   13.701273] cloud-init[936]: SHA256:6BJbqbSfV+wEajY361Eej1vb0u+pZCcIBanzCpeUGTk root@ubuntu-xenial
[   13.704374] cloud-init[936]: The key's randomart image is:
[   13.706110] cloud-init[936]: +---[DSA 1024]----+
[   13.707393] cloud-init[936]: |        ...      |
[   13.709306]          Starting iSCSI initiator daemon (iscsid)...
cloud-init[936]: |       E ..      |
[[0;32m  OK  [0m] Listening on LXD - unix socket.
[[0;32m  OK  [0m] Listening on Socket activation for snappy daemon.
[   13.711983] cloud-init[936]: |        *  .     |
[   13.715858] cloud-init[936]: |       O. .      |
[   13.717385] cloud-init[936]: |    o =.S+o      |
[   13.718969] cloud-init[936]: |   . O=oo+=+.    |
[   13.720663] cloud-init[936]: |    =o+oo*o.o= . |
[   13.722540] cloud-init[936]: |     o oo..o+o+ .|
[   13.724408] cloud-init[936]: |      oo. . .oo+o|
[   13.726014] cloud-init[936]: +----[SHA256]-----+
[   13.728674] cloud-init[936]: Generating public/private ecdsa key pair.
[   13.730905] cloud-init[936]: Your identification has been saved in /etc/ssh/ssh_host_ecdsa_key.
[   13.733780] cloud-init[936]: Your public key has been saved in /etc/ssh/ssh_host_ecdsa_key.pub.
[   13.737363] cloud-init[936]: The key fingerprint is:
[   13.745167] cloud-init[936]: SHA256:kKdYtvEVFjsKobv5pzoGonPhRBH08CMi2AJ0yhDQYVY root@ubuntu-xenial
[   13.745433] cloud-init[936]: The key's randomart image is:
[[0;32m  OK  [0m] Started iSCSI initiator daemon (iscsid).
[   13.745839] cloud-init[936]: +---[ECDSA 256]---+
[   13.750770] cloud-init[936]: |B=B=E .   +.     |
[   13.752250] cloud-init[936]: |=+=+ . o . o     |
[   13.753622] cloud-init[936]: |=oo.= B . +      |
[   13.754976] cloud-init[936]: |.o.. * O o .     |
[   13.756343] cloud-init[936]: | .  o o S        |
[   13.764622] cloud-init[936]: |. +  o           |
[   13.766018] cloud-init[936]: |.+ oo            |
[   13.767430] cloud-init[936]: |o o o.  .        |
[   13.769422] cloud-init[936]: | o ..ooo         |
[   13.771047] cloud-init[936]: +----[SHA256]-----+
[   13.772420] cloud-init[936]: Generating public/private ed25519 key pair.
[   13.774318] cloud-init[936]: Your identification has been saved in /etc/ssh/ssh_host_ed25519_key.
[   13.776859] cloud-init[936]: Your public key has been saved in /etc/ssh/ssh_host_ed25519_key.pub.
[   13.778860] cloud-init[936]: The key fingerprint is:
[   13.780270] cloud-init[936]: SHA256:oE1Yna/78eYdm2rAPcrta0tV/cZ8e71aSxvgyFp8qMk root@ubuntu-xenial
[   13.782261] cloud-init[936]: The key's randomart image is:
[   13.783844] cloud-init[936]: +--[ED25519 256]--+
[   13.785648] cloud-init[936]: |      .. .       |
[   13.787947] cloud-init[936]: |     o  o       .|
[   13.789967] cloud-init[936]: |    . o  .      o|
[   13.791948] cloud-init[936]: |     + .  .    +.|
[   13.793591] cloud-init[936]: |    . . So . .. *|
[   13.794974] cloud-init[936]: |        . = *...+|
[   13.796234] cloud-init[936]: |         o.X.+.=o|
[   13.797532] cloud-init[936]: |        o B+*.o+*|
         Starting Login to default iSCSI targets...
[[0;32m  OK  [0m] Reached target Sockets.
[   13.806707] cloud-init[936]: |         E.*B==+ |
[   13.807152] cloud-init[936]: +----[SHA256]-----+
[[0;32m  OK  [0m] Reached target Basic System.
[[0;32m  OK  [0m] Started D-Bus System Message Bus.
         Starting System Logging Service...
         Starting Login Service...
[[0;32m  OK  [0m] Started ACPI event daemon.
         Starting LSB: MD monitoring daemon...
         Starting Pollinate to seed the pseudo random number generator...
         Starting Accounts Service...
         Starting Snappy daemon...
[[0;32m  OK  [0m] Started Deferred execution scheduler.
[[0;32m  OK  [0m] Started FUSE filesystem for LXC.
[[0;32m  OK  [0m] Started Regular background program processing daemon.
         Starting /etc/rc.local Compatibility...
         Starting Virtualbox guest utils...
         Starting LSB: Record successful boot for GRUB...
         Starting LXD - container startup/shutdown...
[[0;32m  OK  [0m] Started System Logging Service.
[[0;32m  OK  [0m] Started /etc/rc.local Compatibility.
[[0;32m  OK  [0m] Started Login to default iSCSI targets.
[[0;32m  OK  [0m] Started LXD - container startup/shutdown.
[[0;32m  OK  [0m] Started LSB: MD monitoring daemon.
[[0;32m  OK  [0m] Started LSB: Record successful boot for GRUB.
[[0;32m  OK  [0m] Started Login Service.
[[0;32m  OK  [0m] Started Unattended Upgrades Shutdown.
         Starting Authenticate and Authorize Users to Run Privileged Tasks...
[[0;32m  OK  [0m] Reached target Remote File Systems (Pre).
[[0;32m  OK  [0m] Reached target Remote File Systems.
         Starting LSB: daemon to balance interrupts for SMP systems...
         Starting LSB: Set the CPU Frequency Scaling governor to "ondemand"...
         Starting LSB: automatic crash report generation...
         Starting Permit User Sessions...
[[0;32m  OK  [0m] Started Authenticate and Authorize Users to Run Privileged Tasks.
[[0;32m  OK  [0m] Started Accounts Service.
[[0;32m  OK  [0m] Started Permit User Sessions.
[[0;32m  OK  [0m] Started Virtualbox guest utils.
[[0;32m  OK  [0m] Started Snappy daemon.
[[0;32m  OK  [0m] Started LSB: Set the CPU Frequency Scaling governor to "ondemand".
         Starting Wait until snapd is fully seeded...
         Starting Terminate Plymouth Boot Screen...
         Starting Hold until boot process finishes up...
[[0;32m  OK  [0m] Started LSB: daemon to balance interrupts for SMP systems.
[[0;32m  OK  [0m] Started Hold until boot process finishes up.
[[0;32m  OK  [0m] Started LSB: automatic crash report generation.
[[0;32m  OK  [0m] Started Terminate Plymouth Boot Screen.
         Starting Set console scheme...
[[0;32m  OK  [0m] Started Serial Getty on ttyS0.
[[0;32m  OK  [0m] Started Getty on tty1.
[[0;32m  OK  [0m] Reached target Login Prompts.
[[0;32m  OK  [0m] Started Set console scheme.
[[0;32m  OK  [0m] Started Pollinate to seed the pseudo random number generator.
         Starting OpenBSD Secure Shell server...
[[0;32m  OK  [0m] Started OpenBSD Secure Shell server.
[[0;32m  OK  [0m] Created slice User Slice of vagrant.
         Starting User Manager for UID 1000...
[[0;32m  OK  [0m] Started Session 1 of user vagrant.
[[0;32m  OK  [0m] Started User Manager for UID 1000.
[[0;32m  OK  [0m] Started Wait until snapd is fully seeded.
         Starting Apply the settings specified in cloud-config...
[[0;32m  OK  [0m] Reached target Multi-User System.
[[0;32m  OK  [0m] Reached target Graphical Interface.
         Starting Update UTMP about System Runlevel Changes...
[[0;32m  OK  [0m] Started Update UTMP about System Runlevel Changes.
[   16.922415] cloud-init[1362]: Generating locales (this might take a while)...
[   18.390156] cloud-init[1362]:   en_US.UTF-8... done
[   18.391746] cloud-init[1362]: Generation complete.
[   18.870515] cloud-init[1362]: Cloud-init v. 19.1-1-gbaa47854-0ubuntu1~16.04.1 running 'modules:config' at Sat, 07 Sep 2019 02:34:33 +0000. Up 16.71 seconds.
[[0;32m  OK  [0m] Started Apply the settings specified in cloud-config.
         Starting Execute cloud user/final scripts...
ci-info: no authorized ssh keys fingerprints found for user ubuntu.
<14>Sep  7 02:34:36 ec2: 
<14>Sep  7 02:34:36 ec2: #############################################################
<14>Sep  7 02:34:36 ec2: -----BEGIN SSH HOST KEY FINGERPRINTS-----
<14>Sep  7 02:34:36 ec2: 1024 SHA256:6BJbqbSfV+wEajY361Eej1vb0u+pZCcIBanzCpeUGTk root@ubuntu-xenial (DSA)
<14>Sep  7 02:34:36 ec2: 256 SHA256:kKdYtvEVFjsKobv5pzoGonPhRBH08CMi2AJ0yhDQYVY root@ubuntu-xenial (ECDSA)
<14>Sep  7 02:34:36 ec2: 256 SHA256:oE1Yna/78eYdm2rAPcrta0tV/cZ8e71aSxvgyFp8qMk root@ubuntu-xenial (ED25519)
<14>Sep  7 02:34:36 ec2: 2048 SHA256:Mwn/ZfUU9Q+x9V+EmWYqrNmVua43ZdogIALctpQq/xc root@ubuntu-xenial (RSA)
<14>Sep  7 02:34:36 ec2: -----END SSH HOST KEY FINGERPRINTS-----
<14>Sep  7 02:34:36 ec2: #############################################################
-----BEGIN SSH HOST KEY KEYS-----
ecdsa-sha2-nistp256 AAAAE2VjZHNhLXNoYTItbmlzdHAyNTYAAAAIbmlzdHAyNTYAAABBBPiW1C7J/TlCW2HZurDnRn0T5DH3aSWjB4WMI4cay0CdKx2pONpnBE+ac62DEFgRGMnW/pGojoXWx3hl9X0hyoQ= root@ubuntu-xenial
ssh-ed25519 AAAAC3NzaC1lZDI1NTE5AAAAICFyudNRtKHy01AK1IJ/PZsTcdnxpF8PSDh/VePCuHnc root@ubuntu-xenial
ssh-rsa AAAAB3NzaC1yc2EAAAADAQABAAABAQCpNSPbQ68K+JpO18QqjM8j9E3NncgWan57cb8Bgbb7enxrK+E9k90rUNe2d0yO5WtIYx7Ev3k3fUCbnOjpUeawzMkvapXW6kRiVKRGl5JHMvtmpgE9O/WloAfYzL6/8EYc85BDGGACMl6kssjfRt+R8jKd2ClsOVYxJq+NZ+OOyFrTjYQT4VQyXtVQtyylUx0hf1c9wuNkkUY1vBWwpB/yYRtgCe6tjf4gaEmmRkMBbrgh6+znYgpfV+xs1SNLt3ZTCUV1Q3AWJ76V3l0vu++u+GSID5SVTUCqZ3srHY4PEMcZ/Oyi6JU1Dqwr+mGPy80HClFYHg9x40zb51KbpMov root@ubuntu-xenial
-----END SSH HOST KEY KEYS-----
[   19.858566] cloud-init[1531]: Cloud-init v. 19.1-1-gbaa47854-0ubuntu1~16.04.1 running 'modules:final' at Sat, 07 Sep 2019 02:34:36 +0000. Up 19.57 seconds.
[   19.859556] cloud-init[1531]: ci-info: no authorized ssh keys fingerprints found for user ubuntu.
[   19.860749] cloud-init[1531]: Cloud-init v. 19.1-1-gbaa47854-0ubuntu1~16.04.1 finished at Sat, 07 Sep 2019 02:34:36 +0000. Datasource DataSourceNoCloud [seed=/dev/sdb][dsmode=net].  Up 19.83 seconds

Ubuntu 16.04.6 LTS ubuntu-xenial ttyS0

ubuntu-xenial login: 